// Jest Snapshot v1, https://goo.gl/fbAQLP

exports[`TickerCurrencyConverter.vue rendering should render default view 1`] = `
<div>
  <form novalidate="novalidate" id="currencyConversionForm" class="v-form">
    <div class="row justify-center">
      <div class="col col-3">
        <div class="v-input theme--light v-text-field v-select">
          <div class="v-input__control">
            <div role="button" aria-haspopup="listbox" aria-expanded="false" aria-owns="list-5" class="v-input__slot">
              <div class="v-select__slot"><label for="input-5" class="v-label theme--light" style="left: 0px; position: absolute;">Select Currency</label>
                <div class="v-select__selections"><input id="input-5" readonly="readonly" type="text" aria-readonly="false" autocomplete="off"></div>
                <div class="v-input__append-inner">
                  <div class="v-input__icon v-input__icon--append"><i aria-hidden="true" class="v-icon notranslate mdi mdi-menu-down theme--light"></i></div>
                </div><input type="hidden">
              </div>
              <div class="v-menu">
                <!---->
              </div>
            </div>
            <div class="v-text-field__details">
              <div class="v-messages theme--light">
                <transition-group-stub tag="div" name="message-transition" class="v-messages__wrapper"></transition-group-stub>
              </div>
            </div>
          </div>
        </div>
      </div>
      <div class="col col-3">
        <div class="v-input v-input--is-label-active v-input--is-dirty theme--light v-text-field">
          <div class="v-input__control">
            <div class="v-input__slot">
              <div class="v-text-field__slot"><label for="input-10" class="v-label v-label--active theme--light" style="left: 0px; position: absolute;">Enter Amount</label><input id="input-10" type="number"></div>
            </div>
            <div class="v-text-field__details">
              <div class="v-messages theme--light">
                <transition-group-stub tag="div" name="message-transition" class="v-messages__wrapper"></transition-group-stub>
              </div>
            </div>
          </div>
        </div>
      </div>
      <div class="col col-2 align-self-center"><button type="submit" class="v-btn v-btn--is-elevated v-btn--has-bg theme--light v-size--default" form="currencyConversionForm"><span class="v-btn__content">Convert to Btc</span></button></div>
    </div>
  </form>
  <!---->
  <!---->
</div>
`;
